// Jest Snapshot v1, https://goo.gl/fbAQLP

exports[`s3 1`] = `
{
  "Outputs": {
    "Bucket": {
      "Value": {
        "Ref": "SiteBucket397A1860",
      },
    },
    "ExportsOutputFnGetAttSiteBucket397A1860ArnB404F589": {
      "Export": {
        "Name": "test-S3Stack:ExportsOutputFnGetAttSiteBucket397A1860ArnB404F589",
      },
      "Value": {
        "Fn::GetAtt": [
          "SiteBucket397A1860",
          "Arn",
        ],
      },
    },
    "ExportsOutputFnGetAttSiteBucket397A1860RegionalDomainName3CF658E3": {
      "Export": {
        "Name": "test-S3Stack:ExportsOutputFnGetAttSiteBucket397A1860RegionalDomainName3CF658E3",
      },
      "Value": {
        "Fn::GetAtt": [
          "SiteBucket397A1860",
          "RegionalDomainName",
        ],
      },
    },
    "ExportsOutputRefCloudfrontOAI6D521D0D62AFE01C": {
      "Export": {
        "Name": "test-S3Stack:ExportsOutputRefCloudfrontOAI6D521D0D62AFE01C",
      },
      "Value": {
        "Ref": "CloudfrontOAI6D521D0D",
      },
    },
    "ExportsOutputRefSiteBucket397A1860ADBF1315": {
      "Export": {
        "Name": "test-S3Stack:ExportsOutputRefSiteBucket397A1860ADBF1315",
      },
      "Value": {
        "Ref": "SiteBucket397A1860",
      },
    },
  },
  "Parameters": {
    "BootstrapVersion": {
      "Default": "/cdk-bootstrap/hnb659fds/version",
      "Description": "Version of the CDK Bootstrap resources in this environment, automatically retrieved from SSM Parameter Store. [cdk:skip]",
      "Type": "AWS::SSM::Parameter::Value<String>",
    },
  },
  "Resources": {
    "CloudfrontOAI6D521D0D": {
      "Properties": {
        "CloudFrontOriginAccessIdentityConfig": {
          "Comment": "OAI for S3Stack",
        },
      },
      "Type": "AWS::CloudFront::CloudFrontOriginAccessIdentity",
    },
    "SiteBucket397A1860": {
      "DeletionPolicy": "Retain",
      "Properties": {
        "BucketEncryption": {
          "ServerSideEncryptionConfiguration": [
            {
              "ServerSideEncryptionByDefault": {
                "SSEAlgorithm": "AES256",
              },
            },
          ],
        },
        "PublicAccessBlockConfiguration": {
          "BlockPublicAcls": true,
          "BlockPublicPolicy": true,
          "IgnorePublicAcls": true,
          "RestrictPublicBuckets": true,
        },
        "Tags": [
          {
            "Key": "aws-cdk:cr-owned:5e63352d",
            "Value": "true",
          },
        ],
      },
      "Type": "AWS::S3::Bucket",
      "UpdateReplacePolicy": "Retain",
    },
    "SiteBucketPolicy3AC1D0F8": {
      "Properties": {
        "Bucket": {
          "Ref": "SiteBucket397A1860",
        },
        "PolicyDocument": {
          "Statement": [
            {
              "Action": "s3:*",
              "Condition": {
                "Bool": {
                  "aws:SecureTransport": "false",
                },
              },
              "Effect": "Deny",
              "Principal": {
                "AWS": "*",
              },
              "Resource": [
                {
                  "Fn::GetAtt": [
                    "SiteBucket397A1860",
                    "Arn",
                  ],
                },
                {
                  "Fn::Join": [
                    "",
                    [
                      {
                        "Fn::GetAtt": [
                          "SiteBucket397A1860",
                          "Arn",
                        ],
                      },
                      "/*",
                    ],
                  ],
                },
              ],
            },
            {
              "Action": "s3:GetObject",
              "Effect": "Allow",
              "Principal": {
                "CanonicalUser": {
                  "Fn::GetAtt": [
                    "CloudfrontOAI6D521D0D",
                    "S3CanonicalUserId",
                  ],
                },
              },
              "Resource": {
                "Fn::Join": [
                  "",
                  [
                    {
                      "Fn::GetAtt": [
                        "SiteBucket397A1860",
                        "Arn",
                      ],
                    },
                    "/*",
                  ],
                ],
              },
            },
          ],
          "Version": "2012-10-17",
        },
      },
      "Type": "AWS::S3::BucketPolicy",
    },
  },
  "Rules": {
    "CheckBootstrapVersion": {
      "Assertions": [
        {
          "Assert": {
            "Fn::Not": [
              {
                "Fn::Contains": [
                  [
                    "1",
                    "2",
                    "3",
                    "4",
                    "5",
                  ],
                  {
                    "Ref": "BootstrapVersion",
                  },
                ],
              },
            ],
          },
          "AssertDescription": "CDK bootstrap stack version 6 required. Please run 'cdk bootstrap' with a recent version of the CDK CLI.",
        },
      ],
    },
  },
}
`;

exports[`website 1`] = `
{
  "Mappings": {
    "AWSCloudFrontPartitionHostedZoneIdMap": {
      "aws": {
        "zoneId": "Z2FDTNDATAQYW2",
      },
      "aws-cn": {
        "zoneId": "Z3RFFRIM2A3IF5",
      },
    },
  },
  "Outputs": {
    "DistributionId": {
      "Value": {
        "Ref": "SiteDistribution3FF9535D",
      },
    },
  },
  "Parameters": {
    "BootstrapVersion": {
      "Default": "/cdk-bootstrap/hnb659fds/version",
      "Description": "Version of the CDK Bootstrap resources in this environment, automatically retrieved from SSM Parameter Store. [cdk:skip]",
      "Type": "AWS::SSM::Parameter::Value<String>",
    },
  },
  "Resources": {
    "Alarm5xxErrors5DABB075": {
      "Properties": {
        "AlarmActions": [
          {
            "Ref": "TopicRule40A4EA44",
          },
        ],
        "ComparisonOperator": "GreaterThanOrEqualToThreshold",
        "DatapointsToAlarm": 2,
        "Dimensions": [
          {
            "Name": "DistributionId",
            "Value": {
              "Ref": "SiteDistribution3FF9535D",
            },
          },
          {
            "Name": "Region",
            "Value": "Global",
          },
        ],
        "EvaluationPeriods": 5,
        "MetricName": "5xxErrorRate",
        "Namespace": "AWS/CloudFront",
        "Period": 600,
        "Statistic": "Average",
        "Threshold": 1,
        "TreatMissingData": "notBreaching",
      },
      "Type": "AWS::CloudWatch::Alarm",
    },
    "AlarmRequestsC46A35F4": {
      "Properties": {
        "AlarmActions": [
          {
            "Ref": "TopicRule40A4EA44",
          },
        ],
        "ComparisonOperator": "GreaterThanOrEqualToThreshold",
        "DatapointsToAlarm": 2,
        "Dimensions": [
          {
            "Name": "DistributionId",
            "Value": {
              "Ref": "SiteDistribution3FF9535D",
            },
          },
          {
            "Name": "Region",
            "Value": "Global",
          },
        ],
        "EvaluationPeriods": 6,
        "MetricName": "Requests",
        "Namespace": "AWS/CloudFront",
        "Period": 600,
        "Statistic": "Sum",
        "Threshold": 100,
        "TreatMissingData": "notBreaching",
      },
      "Type": "AWS::CloudWatch::Alarm",
    },
    "CustomCDKBucketDeployment8693BB64968944B69AAFB0CC9EB8756C81C01536": {
      "DependsOn": [
        "CustomCDKBucketDeployment8693BB64968944B69AAFB0CC9EB8756CServiceRoleDefaultPolicy88902FDF",
        "CustomCDKBucketDeployment8693BB64968944B69AAFB0CC9EB8756CServiceRole89A01265",
      ],
      "Properties": {
        "Code": {
          "S3Bucket": "cdk-hnb659fds-assets-12345-us-east-1",
          "S3Key": "9eb41a5505d37607ac419321497a4f8c21cf0ee1f9b4a6b29aa04301aea5c7fd.zip",
        },
        "Environment": {
          "Variables": {
            "AWS_CA_BUNDLE": "/etc/pki/ca-trust/extracted/pem/tls-ca-bundle.pem",
          },
        },
        "Handler": "index.handler",
        "Layers": [
          {
            "Ref": "DeployWithInvalidationAwsCliLayerDEDD5787",
          },
        ],
        "Role": {
          "Fn::GetAtt": [
            "CustomCDKBucketDeployment8693BB64968944B69AAFB0CC9EB8756CServiceRole89A01265",
            "Arn",
          ],
        },
        "Runtime": "python3.9",
        "Timeout": 900,
      },
      "Type": "AWS::Lambda::Function",
    },
    "CustomCDKBucketDeployment8693BB64968944B69AAFB0CC9EB8756CServiceRole89A01265": {
      "Properties": {
        "AssumeRolePolicyDocument": {
          "Statement": [
            {
              "Action": "sts:AssumeRole",
              "Effect": "Allow",
              "Principal": {
                "Service": "lambda.amazonaws.com",
              },
            },
          ],
          "Version": "2012-10-17",
        },
        "ManagedPolicyArns": [
          {
            "Fn::Join": [
              "",
              [
                "arn:",
                {
                  "Ref": "AWS::Partition",
                },
                ":iam::aws:policy/service-role/AWSLambdaBasicExecutionRole",
              ],
            ],
          },
        ],
      },
      "Type": "AWS::IAM::Role",
    },
    "CustomCDKBucketDeployment8693BB64968944B69AAFB0CC9EB8756CServiceRoleDefaultPolicy88902FDF": {
      "Properties": {
        "PolicyDocument": {
          "Statement": [
            {
              "Action": [
                "s3:GetObject*",
                "s3:GetBucket*",
                "s3:List*",
              ],
              "Effect": "Allow",
              "Resource": [
                {
                  "Fn::Join": [
                    "",
                    [
                      "arn:",
                      {
                        "Ref": "AWS::Partition",
                      },
                      ":s3:::cdk-hnb659fds-assets-12345-us-east-1",
                    ],
                  ],
                },
                {
                  "Fn::Join": [
                    "",
                    [
                      "arn:",
                      {
                        "Ref": "AWS::Partition",
                      },
                      ":s3:::cdk-hnb659fds-assets-12345-us-east-1/*",
                    ],
                  ],
                },
              ],
            },
            {
              "Action": [
                "s3:GetObject*",
                "s3:GetBucket*",
                "s3:List*",
                "s3:DeleteObject*",
                "s3:PutObject",
                "s3:PutObjectLegalHold",
                "s3:PutObjectRetention",
                "s3:PutObjectTagging",
                "s3:PutObjectVersionTagging",
                "s3:Abort*",
              ],
              "Effect": "Allow",
              "Resource": [
                {
                  "Fn::ImportValue": "test-S3Stack:ExportsOutputFnGetAttSiteBucket397A1860ArnB404F589",
                },
                {
                  "Fn::Join": [
                    "",
                    [
                      {
                        "Fn::ImportValue": "test-S3Stack:ExportsOutputFnGetAttSiteBucket397A1860ArnB404F589",
                      },
                      "/*",
                    ],
                  ],
                },
              ],
            },
            {
              "Action": [
                "cloudfront:GetInvalidation",
                "cloudfront:CreateInvalidation",
              ],
              "Effect": "Allow",
              "Resource": "*",
            },
          ],
          "Version": "2012-10-17",
        },
        "PolicyName": "CustomCDKBucketDeployment8693BB64968944B69AAFB0CC9EB8756CServiceRoleDefaultPolicy88902FDF",
        "Roles": [
          {
            "Ref": "CustomCDKBucketDeployment8693BB64968944B69AAFB0CC9EB8756CServiceRole89A01265",
          },
        ],
      },
      "Type": "AWS::IAM::Policy",
    },
    "Dashboard9E4231ED": {
      "Properties": {
        "DashboardBody": {
          "Fn::Join": [
            "",
            [
              "{"widgets":[{"type":"metric","width":6,"height":6,"x":0,"y":0,"properties":{"view":"timeSeries","title":"Requests","region":"",
              {
                "Ref": "AWS::Region",
              },
              "","metrics":[["AWS/CloudFront","Requests","DistributionId","",
              {
                "Ref": "SiteDistribution3FF9535D",
              },
              "","Region","Global",{"period":600,"stat":"Sum"}]],"yAxis":{}}},{"type":"metric","width":6,"height":6,"x":6,"y":0,"properties":{"view":"timeSeries","title":"Errors","region":"",
              {
                "Ref": "AWS::Region",
              },
              "","stacked":true,"metrics":[["AWS/CloudFront","4xxErrorRate","DistributionId","",
              {
                "Ref": "SiteDistribution3FF9535D",
              },
              "","Region","Global",{"period":60}],["AWS/CloudFront","5xxErrorRate","DistributionId","",
              {
                "Ref": "SiteDistribution3FF9535D",
              },
              "","Region","Global",{"period":600}]],"yAxis":{}}}]}",
            ],
          ],
        },
        "DashboardName": "test-WebsiteStack",
      },
      "Type": "AWS::CloudWatch::Dashboard",
    },
    "DeployWithInvalidationAwsCliLayerDEDD5787": {
      "Properties": {
        "Content": {
          "S3Bucket": "cdk-hnb659fds-assets-12345-us-east-1",
          "S3Key": "e2277687077a2abf9ae1af1cc9565e6715e2ebb62f79ec53aa75a1af9298f642.zip",
        },
        "Description": "/opt/awscli/aws",
      },
      "Type": "AWS::Lambda::LayerVersion",
    },
    "DeployWithInvalidationCustomResourceE3FF7455": {
      "DeletionPolicy": "Delete",
      "Properties": {
        "DestinationBucketName": {
          "Fn::ImportValue": "test-S3Stack:ExportsOutputRefSiteBucket397A1860ADBF1315",
        },
        "DistributionId": {
          "Ref": "SiteDistribution3FF9535D",
        },
        "DistributionPaths": [
          "/*",
        ],
        "Prune": true,
        "ServiceToken": {
          "Fn::GetAtt": [
            "CustomCDKBucketDeployment8693BB64968944B69AAFB0CC9EB8756C81C01536",
            "Arn",
          ],
        },
        "SourceBucketNames": [
          "cdk-hnb659fds-assets-12345-us-east-1",
        ],
        "SourceObjectKeys": [
          "0bcfa98d8a0e93cb713bc2560116c890a0d46888981db0552e621bada72be8ae.zip",
        ],
      },
      "Type": "Custom::CDKBucketDeployment",
      "UpdateReplacePolicy": "Delete",
    },
    "LogBucketCC3B17E8": {
      "DeletionPolicy": "Retain",
      "Properties": {
        "BucketEncryption": {
          "ServerSideEncryptionConfiguration": [
            {
              "ServerSideEncryptionByDefault": {
                "SSEAlgorithm": "AES256",
              },
            },
          ],
        },
        "LifecycleConfiguration": {
          "Rules": [
            {
              "ExpirationInDays": 7,
              "Status": "Enabled",
            },
          ],
        },
        "OwnershipControls": {
          "Rules": [
            {
              "ObjectOwnership": "ObjectWriter",
            },
          ],
        },
        "PublicAccessBlockConfiguration": {
          "BlockPublicAcls": true,
          "BlockPublicPolicy": true,
          "IgnorePublicAcls": true,
          "RestrictPublicBuckets": true,
        },
      },
      "Type": "AWS::S3::Bucket",
      "UpdateReplacePolicy": "Retain",
    },
    "LogBucketPolicy900DBE48": {
      "Properties": {
        "Bucket": {
          "Ref": "LogBucketCC3B17E8",
        },
        "PolicyDocument": {
          "Statement": [
            {
              "Action": "s3:*",
              "Condition": {
                "Bool": {
                  "aws:SecureTransport": "false",
                },
              },
              "Effect": "Deny",
              "Principal": {
                "AWS": "*",
              },
              "Resource": [
                {
                  "Fn::GetAtt": [
                    "LogBucketCC3B17E8",
                    "Arn",
                  ],
                },
                {
                  "Fn::Join": [
                    "",
                    [
                      {
                        "Fn::GetAtt": [
                          "LogBucketCC3B17E8",
                          "Arn",
                        ],
                      },
                      "/*",
                    ],
                  ],
                },
              ],
            },
          ],
          "Version": "2012-10-17",
        },
      },
      "Type": "AWS::S3::BucketPolicy",
    },
    "SiteAliasRecord3C0AF5BF": {
      "Properties": {
        "AliasTarget": {
          "DNSName": {
            "Fn::GetAtt": [
              "SiteDistribution3FF9535D",
              "DomainName",
            ],
          },
          "HostedZoneId": {
            "Fn::FindInMap": [
              "AWSCloudFrontPartitionHostedZoneIdMap",
              {
                "Ref": "AWS::Partition",
              },
              "zoneId",
            ],
          },
        },
        "HostedZoneId": "DUMMY",
        "Name": "www.test.",
        "Type": "A",
      },
      "Type": "AWS::Route53::RecordSet",
    },
    "SiteApexAliasRecord7A87C51C": {
      "Properties": {
        "AliasTarget": {
          "DNSName": {
            "Fn::GetAtt": [
              "SiteDistribution3FF9535D",
              "DomainName",
            ],
          },
          "HostedZoneId": {
            "Fn::FindInMap": [
              "AWSCloudFrontPartitionHostedZoneIdMap",
              {
                "Ref": "AWS::Partition",
              },
              "zoneId",
            ],
          },
        },
        "HostedZoneId": "DUMMY",
        "Name": "test.",
        "Type": "A",
      },
      "Type": "AWS::Route53::RecordSet",
    },
    "SiteCertificate38C247F6": {
      "Properties": {
        "DomainName": "test",
        "DomainValidationOptions": [
          {
            "DomainName": "test",
            "HostedZoneId": "DUMMY",
          },
          {
            "DomainName": "www.test",
            "HostedZoneId": "DUMMY",
          },
        ],
        "SubjectAlternativeNames": [
          "www.test",
        ],
        "Tags": [
          {
            "Key": "Name",
            "Value": "test/WebsiteStack/SiteCertificate",
          },
        ],
        "ValidationMethod": "DNS",
      },
      "Type": "AWS::CertificateManager::Certificate",
    },
    "SiteDistribution3FF9535D": {
      "Properties": {
        "DistributionConfig": {
          "Aliases": [
            "test",
            "www.test",
          ],
          "CustomErrorResponses": [
            {
              "ErrorCachingMinTTL": 1800,
              "ErrorCode": 403,
              "ResponseCode": 404,
              "ResponsePagePath": "/error.html",
            },
          ],
          "DefaultCacheBehavior": {
            "AllowedMethods": [
              "GET",
              "HEAD",
              "OPTIONS",
            ],
            "CachePolicyId": "658327ea-f89d-4fab-a63d-7e88639e58f6",
            "Compress": true,
            "TargetOriginId": "testWebsiteStackSiteDistributionOrigin15B6C2BD0",
            "ViewerProtocolPolicy": "redirect-to-https",
          },
          "DefaultRootObject": "index.html",
          "Enabled": true,
          "HttpVersion": "http2",
          "IPV6Enabled": true,
          "Logging": {
            "Bucket": {
              "Fn::GetAtt": [
                "LogBucketCC3B17E8",
                "RegionalDomainName",
              ],
            },
          },
          "Origins": [
            {
              "DomainName": {
                "Fn::ImportValue": "test-S3Stack:ExportsOutputFnGetAttSiteBucket397A1860RegionalDomainName3CF658E3",
              },
              "Id": "testWebsiteStackSiteDistributionOrigin15B6C2BD0",
              "S3OriginConfig": {
                "OriginAccessIdentity": {
                  "Fn::Join": [
                    "",
                    [
                      "origin-access-identity/cloudfront/",
                      {
                        "Fn::ImportValue": "test-S3Stack:ExportsOutputRefCloudfrontOAI6D521D0D62AFE01C",
                      },
                    ],
                  ],
                },
              },
            },
          ],
          "ViewerCertificate": {
            "AcmCertificateArn": {
              "Ref": "SiteCertificate38C247F6",
            },
            "MinimumProtocolVersion": "TLSv1.2_2021",
            "SslSupportMethod": "sni-only",
          },
        },
      },
      "Type": "AWS::CloudFront::Distribution",
    },
    "TopicRule40A4EA44": {
      "Type": "AWS::SNS::Topic",
    },
    "TopicRuletesttesttest4EBD90B9": {
      "Properties": {
        "Endpoint": "test@test.test",
        "Protocol": "email",
        "TopicArn": {
          "Ref": "TopicRule40A4EA44",
        },
      },
      "Type": "AWS::SNS::Subscription",
    },
  },
  "Rules": {
    "CheckBootstrapVersion": {
      "Assertions": [
        {
          "Assert": {
            "Fn::Not": [
              {
                "Fn::Contains": [
                  [
                    "1",
                    "2",
                    "3",
                    "4",
                    "5",
                  ],
                  {
                    "Ref": "BootstrapVersion",
                  },
                ],
              },
            ],
          },
          "AssertDescription": "CDK bootstrap stack version 6 required. Please run 'cdk bootstrap' with a recent version of the CDK CLI.",
        },
      ],
    },
  },
}
`;
